\BOOKMARK [1][-]{section.1}{\376\377\000O\000r\000b\000i\000t\000a\000l\000s\000\040\000A\000n\000d\000\040\000T\000h\000e\000i\000r\000\040\000S\000y\000m\000m\000e\000t\000r\000y}{}% 1
\BOOKMARK [1][-]{section.2}{\376\377\000M\000o\000n\000o\000m\000e\000r\000\040\000S\000t\000a\000t\000e\000s\000\040\000a\000n\000d\000\040\000C\000o\000n\000f\000i\000g\000u\000r\000a\000t\000i\000o\000n\000s}{}% 2
\BOOKMARK [1][-]{section.3}{\376\377\000L\000i\000n\000e\000a\000r\000\040\000C\000o\000m\000b\000i\000n\000a\000t\000i\000o\000n\000s}{}% 3
\BOOKMARK [2][-]{subsection.3.1}{\376\377\000S\000\040\000*\000\040\000Q\000\040\000+\000\040\000Q\000\040\000*\000\040\000S}{section.3}% 4
\BOOKMARK [2][-]{subsection.3.2}{\376\377\000S\000\040\000*\000\040\000Q\000\040\000-\000\040\000Q\000\040\000*\000\040\000S}{section.3}% 5
\BOOKMARK [2][-]{subsection.3.3}{\376\377\000i\0003\000\040\000a\0001\000\040\000*\000\040\000i\0003\000\040\000a\0001}{section.3}% 6
\BOOKMARK [2][-]{subsection.3.4}{\376\377\000i\0003\000\040\000a\0001\000\040\000*\000\040\000e\0003\000\040\000a\0001\000\040\000+\000\040\000e\0003\000\040\000a\0001\000\040\000*\000\040\000i\0003\000\040\000a\0001}{section.3}% 7
\BOOKMARK [2][-]{subsection.3.5}{\376\377\000i\0003\000\040\000a\0001\000\040\000*\000\040\000e\0003\000\040\000a\0001\000\040\000-\000\040\000e\0003\000\040\000a\0001\000\040\000*\000\040\000i\0003\000\040\000a\0001}{section.3}% 8
\BOOKMARK [2][-]{subsection.3.6}{\376\377\000i\0003\000\040\000a\0001\000\040\000*\000\040\000i\0003\000\040\000b\0001\000\040\000+\000\040\000i\0003\000\040\000b\0001\000\040\000*\000\040\000i\0003\000\040\000a\0001}{section.3}% 9
\BOOKMARK [2][-]{subsection.3.7}{\376\377\000i\0003\000\040\000a\0001\000\040\000*\000\040\000i\0003\000\040\000b\0001\000\040\000-\000\040\000i\0003\000\040\000b\0001\000\040\000*\000\040\000i\0003\000\040\000a\0001}{section.3}% 10
\BOOKMARK [2][-]{subsection.3.8}{\376\377\000i\0003\000\040\000a\0001\000\040\000*\000\040\000e\0003\000\040\000b\0001\000\040\000+\000\040\000e\0003\000\040\000b\0001\000\040\000*\000\040\000i\0003\000\040\000a\0001}{section.3}% 11
\BOOKMARK [2][-]{subsection.3.9}{\376\377\000i\0003\000\040\000a\0001\000\040\000*\000\040\000e\0003\000\040\000b\0001\000\040\000-\000\040\000e\0003\000\040\000b\0001\000\040\000*\000\040\000i\0003\000\040\000a\0001}{section.3}% 12
\BOOKMARK [2][-]{subsection.3.10}{\376\377\000e\0003\000\040\000a\0001\000\040\000*\000\040\000e\0003\000\040\000a\0001}{section.3}% 13
\BOOKMARK [2][-]{subsection.3.11}{\376\377\000e\0003\000\040\000a\0001\000\040\000*\000\040\000i\0003\000\040\000b\0001\000\040\000+\000\040\000i\0003\000\040\000b\0001\000\040\000*\000\040\000e\0003\000\040\000a\0001}{section.3}% 14
\BOOKMARK [2][-]{subsection.3.12}{\376\377\000e\0003\000\040\000a\0001\000\040\000*\000\040\000i\0003\000\040\000b\0001\000\040\000-\000\040\000i\0003\000\040\000b\0001\000\040\000*\000\040\000e\0003\000\040\000a\0001}{section.3}% 15
\BOOKMARK [2][-]{subsection.3.13}{\376\377\000e\0003\000\040\000a\0001\000\040\000*\000\040\000e\0003\000\040\000b\0001\000\040\000+\000\040\000e\0003\000\040\000b\0001\000\040\000*\000\040\000e\0003\000\040\000a\0001}{section.3}% 16
\BOOKMARK [2][-]{subsection.3.14}{\376\377\000e\0003\000\040\000a\0001\000\040\000*\000\040\000e\0003\000\040\000b\0001\000\040\000-\000\040\000e\0003\000\040\000b\0001\000\040\000*\000\040\000e\0003\000\040\000a\0001}{section.3}% 17
\BOOKMARK [2][-]{subsection.3.15}{\376\377\000i\0003\000\040\000b\0001\000\040\000*\000\040\000i\0003\000\040\000b\0001}{section.3}% 18
\BOOKMARK [2][-]{subsection.3.16}{\376\377\000i\0003\000\040\000b\0001\000\040\000*\000\040\000e\0003\000\040\000b\0001\000\040\000+\000\040\000e\0003\000\040\000b\0001\000\040\000*\000\040\000i\0003\000\040\000b\0001}{section.3}% 19
\BOOKMARK [2][-]{subsection.3.17}{\376\377\000i\0003\000\040\000b\0001\000\040\000*\000\040\000e\0003\000\040\000b\0001\000\040\000-\000\040\000e\0003\000\040\000b\0001\000\040\000*\000\040\000i\0003\000\040\000b\0001}{section.3}% 20
\BOOKMARK [2][-]{subsection.3.18}{\376\377\000e\0003\000\040\000b\0001\000\040\000*\000\040\000e\0003\000\040\000b\0001}{section.3}% 21
\BOOKMARK [1][-]{section.4}{\376\377\000S\000y\000m\000m\000e\000t\000r\000y\000\040\000C\000o\000n\000c\000l\000u\000s\000i\000o\000n}{}% 22
\BOOKMARK [1][-]{section.5}{\376\377\000C\000I\000\040\000V\000e\000c\000t\000o\000r\000\040\000C\000o\000n\000c\000l\000u\000s\000i\000o\000n}{}% 23
