This is pdfTeX, Version 3.141592653-2.6-1.40.26 (TeX Live 2025/dev/Debian) (preloaded format=pdflatex 2025.12.28)  23 JAN 2026 10:13
entering extended mode
 restricted \write18 enabled.
 file:line:error style messages enabled.
 %&-line parsing enabled.
**tst.tex
(./tst.tex
LaTeX2e <2024-11-01> patch level 2
L3 programming layer <2025-01-18>
(/usr/share/texlive/texmf-dist/tex/latex/base/article.cls
Document Class: article 2024/06/29 v1.4n Standard LaTeX document class
(/usr/share/texlive/texmf-dist/tex/latex/base/size10.clo
File: size10.clo 2024/06/29 v1.4n Standard LaTeX file (size option)
)
\c@part=\count196
\c@section=\count197
\c@subsection=\count198
\c@subsubsection=\count199
\c@paragraph=\count266
\c@subparagraph=\count267
\c@figure=\count268
\c@table=\count269
\abovecaptionskip=\skip49
\belowcaptionskip=\skip50
\bibindent=\dimen141
)
(/usr/share/texlive/texmf-dist/tex/latex/geometry/geometry.sty
Package: geometry 2020/01/02 v5.9 Page Geometry

(/usr/share/texlive/texmf-dist/tex/latex/graphics/keyval.sty
Package: keyval 2022/05/29 v1.15 key=value parser (DPC)
\KV@toks@=\toks17
)
(/usr/share/texlive/texmf-dist/tex/generic/iftex/ifvtex.sty
Package: ifvtex 2019/10/25 v1.7 ifvtex legacy package. Use iftex instead.

(/usr/share/texlive/texmf-dist/tex/generic/iftex/iftex.sty
Package: iftex 2024/12/12 v1.0g TeX engine tests
))
\Gm@cnth=\count270
\Gm@cntv=\count271
\c@Gm@tempcnt=\count272
\Gm@bindingoffset=\dimen142
\Gm@wd@mp=\dimen143
\Gm@odd@mp=\dimen144
\Gm@even@mp=\dimen145
\Gm@layoutwidth=\dimen146
\Gm@layoutheight=\dimen147
\Gm@layouthoffset=\dimen148
\Gm@layoutvoffset=\dimen149
\Gm@dimlist=\toks18
)
(/usr/share/texlive/texmf-dist/tex/latex/hyperref/hyperref.sty
Package: hyperref 2024-11-05 v7.01l Hypertext links for LaTeX

(/usr/share/texlive/texmf-dist/tex/latex/kvsetkeys/kvsetkeys.sty
Package: kvsetkeys 2022-10-05 v1.19 Key value parser (HO)
)
(/usr/share/texlive/texmf-dist/tex/generic/kvdefinekeys/kvdefinekeys.sty
Package: kvdefinekeys 2019-12-19 v1.6 Define keys (HO)
)
(/usr/share/texlive/texmf-dist/tex/generic/pdfescape/pdfescape.sty
Package: pdfescape 2019/12/09 v1.15 Implements pdfTeX's escape features (HO)

(/usr/share/texlive/texmf-dist/tex/generic/ltxcmds/ltxcmds.sty
Package: ltxcmds 2023-12-04 v1.26 LaTeX kernel commands for general use (HO)
)
(/usr/share/texlive/texmf-dist/tex/generic/pdftexcmds/pdftexcmds.sty
Package: pdftexcmds 2020-06-27 v0.33 Utility functions of pdfTeX for LuaTeX (HO
)

(/usr/share/texlive/texmf-dist/tex/generic/infwarerr/infwarerr.sty
Package: infwarerr 2019/12/03 v1.5 Providing info/warning/error messages (HO)
)
Package pdftexcmds Info: \pdf@primitive is available.
Package pdftexcmds Info: \pdf@ifprimitive is available.
Package pdftexcmds Info: \pdfdraftmode found.
))
(/usr/share/texlive/texmf-dist/tex/latex/hycolor/hycolor.sty
Package: hycolor 2020-01-27 v1.10 Color options for hyperref/bookmark (HO)
)
(/usr/share/texlive/texmf-dist/tex/latex/hyperref/nameref.sty
Package: nameref 2023-11-26 v2.56 Cross-referencing by name of section

(/usr/share/texlive/texmf-dist/tex/latex/refcount/refcount.sty
Package: refcount 2019/12/15 v3.6 Data extraction from label references (HO)
)
(/usr/share/texlive/texmf-dist/tex/generic/gettitlestring/gettitlestring.sty
Package: gettitlestring 2019/12/15 v1.6 Cleanup title references (HO)

(/usr/share/texlive/texmf-dist/tex/latex/kvoptions/kvoptions.sty
Package: kvoptions 2022-06-15 v3.15 Key value format for package options (HO)
))
\c@section@level=\count273
)
(/usr/share/texlive/texmf-dist/tex/latex/etoolbox/etoolbox.sty
Package: etoolbox 2025/02/11 v2.5l e-TeX tools for LaTeX (JAW)
\etb@tempcnta=\count274
)
(/usr/share/texlive/texmf-dist/tex/generic/stringenc/stringenc.sty
Package: stringenc 2019/11/29 v1.12 Convert strings between diff. encodings (HO
)
)
\@linkdim=\dimen150
\Hy@linkcounter=\count275
\Hy@pagecounter=\count276

(/usr/share/texlive/texmf-dist/tex/latex/hyperref/pd1enc.def
File: pd1enc.def 2024-11-05 v7.01l Hyperref: PDFDocEncoding definition (HO)
Now handling font encoding PD1 ...
... no UTF-8 mapping file for font encoding PD1
)
(/usr/share/texlive/texmf-dist/tex/generic/intcalc/intcalc.sty
Package: intcalc 2019/12/15 v1.3 Expandable calculations with integers (HO)
)
\Hy@SavedSpaceFactor=\count277

(/usr/share/texlive/texmf-dist/tex/latex/hyperref/puenc.def
File: puenc.def 2024-11-05 v7.01l Hyperref: PDF Unicode definition (HO)
Now handling font encoding PU ...
... no UTF-8 mapping file for font encoding PU
)
Package hyperref Info: Hyper figures OFF on input line 4157.
Package hyperref Info: Link nesting OFF on input line 4162.
Package hyperref Info: Hyper index ON on input line 4165.
Package hyperref Info: Plain pages OFF on input line 4172.
Package hyperref Info: Backreferencing OFF on input line 4177.
Package hyperref Info: Implicit mode ON; LaTeX internals redefined.
Package hyperref Info: Bookmarks ON on input line 4424.
\c@Hy@tempcnt=\count278

(/usr/share/texlive/texmf-dist/tex/latex/url/url.sty
\Urlmuskip=\muskip17
Package: url 2013/09/16  ver 3.4  Verb mode for urls, etc.
)
LaTeX Info: Redefining \url on input line 4763.
\XeTeXLinkMargin=\dimen151

(/usr/share/texlive/texmf-dist/tex/generic/bitset/bitset.sty
Package: bitset 2019/12/09 v1.3 Handle bit-vector datatype (HO)

(/usr/share/texlive/texmf-dist/tex/generic/bigintcalc/bigintcalc.sty
Package: bigintcalc 2019/12/15 v1.5 Expandable calculations on big integers (HO
)
))
\Fld@menulength=\count279
\Field@Width=\dimen152
\Fld@charsize=\dimen153
Package hyperref Info: Hyper figures OFF on input line 6042.
Package hyperref Info: Link nesting OFF on input line 6047.
Package hyperref Info: Hyper index ON on input line 6050.
Package hyperref Info: backreferencing OFF on input line 6057.
Package hyperref Info: Link coloring OFF on input line 6062.
Package hyperref Info: Link coloring with OCG OFF on input line 6067.
Package hyperref Info: PDF/A mode OFF on input line 6072.

(/usr/share/texlive/texmf-dist/tex/latex/base/atbegshi-ltx.sty
Package: atbegshi-ltx 2021/01/10 v1.0c Emulation of the original atbegshi
package with kernel methods
)
\Hy@abspage=\count280
\c@Item=\count281
\c@Hfootnote=\count282
)
Package hyperref Info: Driver (autodetected): hpdftex.

(/usr/share/texlive/texmf-dist/tex/latex/hyperref/hpdftex.def
File: hpdftex.def 2024-11-05 v7.01l Hyperref driver for pdfTeX

(/usr/share/texlive/texmf-dist/tex/latex/base/atveryend-ltx.sty
Package: atveryend-ltx 2020/08/19 v1.0a Emulation of the original atveryend pac
kage
with kernel methods
)
\Fld@listcount=\count283
\c@bookmark@seq@number=\count284

(/usr/share/texlive/texmf-dist/tex/latex/rerunfilecheck/rerunfilecheck.sty
Package: rerunfilecheck 2022-07-10 v1.10 Rerun checks for auxiliary files (HO)

(/usr/share/texlive/texmf-dist/tex/generic/uniquecounter/uniquecounter.sty
Package: uniquecounter 2019/12/15 v1.4 Provide unlimited unique counter (HO)
)
Package uniquecounter Info: New unique counter `rerunfilecheck' on input line 2
85.
)
\Hy@SectionHShift=\skip51
)
(/usr/share/texlive/texmf-dist/tex/latex/pgf/frontendlayer/tikz.sty
(/usr/share/texlive/texmf-dist/tex/latex/pgf/basiclayer/pgf.sty
(/usr/share/texlive/texmf-dist/tex/latex/pgf/utilities/pgfrcs.sty
(/usr/share/texlive/texmf-dist/tex/generic/pgf/utilities/pgfutil-common.tex
\pgfutil@everybye=\toks19
\pgfutil@tempdima=\dimen154
\pgfutil@tempdimb=\dimen155
)
(/usr/share/texlive/texmf-dist/tex/generic/pgf/utilities/pgfutil-latex.def
\pgfutil@abb=\box52
)
(/usr/share/texlive/texmf-dist/tex/generic/pgf/utilities/pgfrcs.code.tex
(/usr/share/texlive/texmf-dist/tex/generic/pgf/pgf.revision.tex)
Package: pgfrcs 2023-01-15 v3.1.10 (3.1.10)
))
Package: pgf 2023-01-15 v3.1.10 (3.1.10)

(/usr/share/texlive/texmf-dist/tex/latex/pgf/basiclayer/pgfcore.sty
(/usr/share/texlive/texmf-dist/tex/latex/graphics/graphicx.sty
Package: graphicx 2021/09/16 v1.2d Enhanced LaTeX Graphics (DPC,SPQR)

(/usr/share/texlive/texmf-dist/tex/latex/graphics/graphics.sty
Package: graphics 2024/08/06 v1.4g Standard LaTeX Graphics (DPC,SPQR)

(/usr/share/texlive/texmf-dist/tex/latex/graphics/trig.sty
Package: trig 2023/12/02 v1.11 sin cos tan (DPC)
)
(/usr/share/texlive/texmf-dist/tex/latex/graphics-cfg/graphics.cfg
File: graphics.cfg 2016/06/04 v1.11 sample graphics configuration
)
Package graphics Info: Driver file: pdftex.def on input line 106.

(/usr/share/texlive/texmf-dist/tex/latex/graphics-def/pdftex.def
File: pdftex.def 2024/04/13 v1.2c Graphics/color driver for pdftex
))
\Gin@req@height=\dimen156
\Gin@req@width=\dimen157
)
(/usr/share/texlive/texmf-dist/tex/latex/pgf/systemlayer/pgfsys.sty
(/usr/share/texlive/texmf-dist/tex/generic/pgf/systemlayer/pgfsys.code.tex
Package: pgfsys 2023-01-15 v3.1.10 (3.1.10)

(/usr/share/texlive/texmf-dist/tex/generic/pgf/utilities/pgfkeys.code.tex
\pgfkeys@pathtoks=\toks20
\pgfkeys@temptoks=\toks21

(/usr/share/texlive/texmf-dist/tex/generic/pgf/utilities/pgfkeyslibraryfiltered
.code.tex
\pgfkeys@tmptoks=\toks22
))
\pgf@x=\dimen158
\pgf@y=\dimen159
\pgf@xa=\dimen160
\pgf@ya=\dimen161
\pgf@xb=\dimen162
\pgf@yb=\dimen163
\pgf@xc=\dimen164
\pgf@yc=\dimen165
\pgf@xd=\dimen166
\pgf@yd=\dimen167
\w@pgf@writea=\write3
\r@pgf@reada=\read2
\c@pgf@counta=\count285
\c@pgf@countb=\count286
\c@pgf@countc=\count287
\c@pgf@countd=\count288
\t@pgf@toka=\toks23
\t@pgf@tokb=\toks24
\t@pgf@tokc=\toks25
\pgf@sys@id@count=\count289
 (/usr/share/texlive/texmf-dist/tex/generic/pgf/systemlayer/pgf.cfg
File: pgf.cfg 2023-01-15 v3.1.10 (3.1.10)
)
Driver file for pgf: pgfsys-pdftex.def
(/usr/share/texlive/texmf-dist/tex/generic/pgf/systemlayer/pgfsys-pdftex.def
File: pgfsys-pdftex.def 2023-01-15 v3.1.10 (3.1.10)

(/usr/share/texlive/texmf-dist/tex/generic/pgf/systemlayer/pgfsys-common-pdf.de
f
File: pgfsys-common-pdf.def 2023-01-15 v3.1.10 (3.1.10)
)))
(/usr/share/texlive/texmf-dist/tex/generic/pgf/systemlayer/pgfsyssoftpath.code.
tex
File: pgfsyssoftpath.code.tex 2023-01-15 v3.1.10 (3.1.10)
\pgfsyssoftpath@smallbuffer@items=\count290
\pgfsyssoftpath@bigbuffer@items=\count291
)
(/usr/share/texlive/texmf-dist/tex/generic/pgf/systemlayer/pgfsysprotocol.code.
tex
File: pgfsysprotocol.code.tex 2023-01-15 v3.1.10 (3.1.10)
)) (/usr/share/texlive/texmf-dist/tex/latex/xcolor/xcolor.sty
Package: xcolor 2024/09/29 v3.02 LaTeX color extensions (UK)

(/usr/share/texlive/texmf-dist/tex/latex/graphics-cfg/color.cfg
File: color.cfg 2016/01/02 v1.6 sample color configuration
)
Package xcolor Info: Driver file: pdftex.def on input line 274.

(/usr/share/texlive/texmf-dist/tex/latex/graphics/mathcolor.ltx)
Package xcolor Info: Model `cmy' substituted by `cmy0' on input line 1349.
Package xcolor Info: Model `hsb' substituted by `rgb' on input line 1353.
Package xcolor Info: Model `RGB' extended on input line 1365.
Package xcolor Info: Model `HTML' substituted by `rgb' on input line 1367.
Package xcolor Info: Model `Hsb' substituted by `hsb' on input line 1368.
Package xcolor Info: Model `tHsb' substituted by `hsb' on input line 1369.
Package xcolor Info: Model `HSB' substituted by `hsb' on input line 1370.
Package xcolor Info: Model `Gray' substituted by `gray' on input line 1371.
Package xcolor Info: Model `wave' substituted by `hsb' on input line 1372.
)
(/usr/share/texlive/texmf-dist/tex/generic/pgf/basiclayer/pgfcore.code.tex
Package: pgfcore 2023-01-15 v3.1.10 (3.1.10)

(/usr/share/texlive/texmf-dist/tex/generic/pgf/math/pgfmath.code.tex
(/usr/share/texlive/texmf-dist/tex/generic/pgf/math/pgfmathutil.code.tex)
(/usr/share/texlive/texmf-dist/tex/generic/pgf/math/pgfmathparser.code.tex
\pgfmath@dimen=\dimen168
\pgfmath@count=\count292
\pgfmath@box=\box53
\pgfmath@toks=\toks26
\pgfmath@stack@operand=\toks27
\pgfmath@stack@operation=\toks28
)
(/usr/share/texlive/texmf-dist/tex/generic/pgf/math/pgfmathfunctions.code.tex)
(/usr/share/texlive/texmf-dist/tex/generic/pgf/math/pgfmathfunctions.basic.code
.tex)
(/usr/share/texlive/texmf-dist/tex/generic/pgf/math/pgfmathfunctions.trigonomet
ric.code.tex)
(/usr/share/texlive/texmf-dist/tex/generic/pgf/math/pgfmathfunctions.random.cod
e.tex)
(/usr/share/texlive/texmf-dist/tex/generic/pgf/math/pgfmathfunctions.comparison
.code.tex)
(/usr/share/texlive/texmf-dist/tex/generic/pgf/math/pgfmathfunctions.base.code.
tex)
(/usr/share/texlive/texmf-dist/tex/generic/pgf/math/pgfmathfunctions.round.code
.tex)
(/usr/share/texlive/texmf-dist/tex/generic/pgf/math/pgfmathfunctions.misc.code.
tex)
(/usr/share/texlive/texmf-dist/tex/generic/pgf/math/pgfmathfunctions.integerari
thmetics.code.tex)
(/usr/share/texlive/texmf-dist/tex/generic/pgf/math/pgfmathcalc.code.tex)
(/usr/share/texlive/texmf-dist/tex/generic/pgf/math/pgfmathfloat.code.tex
\c@pgfmathroundto@lastzeros=\count293
))
(/usr/share/texlive/texmf-dist/tex/generic/pgf/math/pgfint.code.tex)
(/usr/share/texlive/texmf-dist/tex/generic/pgf/basiclayer/pgfcorepoints.code.te
x
File: pgfcorepoints.code.tex 2023-01-15 v3.1.10 (3.1.10)
\pgf@picminx=\dimen169
\pgf@picmaxx=\dimen170
\pgf@picminy=\dimen171
\pgf@picmaxy=\dimen172
\pgf@pathminx=\dimen173
\pgf@pathmaxx=\dimen174
\pgf@pathminy=\dimen175
\pgf@pathmaxy=\dimen176
\pgf@xx=\dimen177
\pgf@xy=\dimen178
\pgf@yx=\dimen179
\pgf@yy=\dimen180
\pgf@zx=\dimen181
\pgf@zy=\dimen182
)
(/usr/share/texlive/texmf-dist/tex/generic/pgf/basiclayer/pgfcorepathconstruct.
code.tex
File: pgfcorepathconstruct.code.tex 2023-01-15 v3.1.10 (3.1.10)
\pgf@path@lastx=\dimen183
\pgf@path@lasty=\dimen184
)
(/usr/share/texlive/texmf-dist/tex/generic/pgf/basiclayer/pgfcorepathusage.code
.tex
File: pgfcorepathusage.code.tex 2023-01-15 v3.1.10 (3.1.10)
\pgf@shorten@end@additional=\dimen185
\pgf@shorten@start@additional=\dimen186
)
(/usr/share/texlive/texmf-dist/tex/generic/pgf/basiclayer/pgfcorescopes.code.te
x
File: pgfcorescopes.code.tex 2023-01-15 v3.1.10 (3.1.10)
\pgfpic=\box54
\pgf@hbox=\box55
\pgf@layerbox@main=\box56
\pgf@picture@serial@count=\count294
)
(/usr/share/texlive/texmf-dist/tex/generic/pgf/basiclayer/pgfcoregraphicstate.c
ode.tex
File: pgfcoregraphicstate.code.tex 2023-01-15 v3.1.10 (3.1.10)
\pgflinewidth=\dimen187
)
(/usr/share/texlive/texmf-dist/tex/generic/pgf/basiclayer/pgfcoretransformation
s.code.tex
File: pgfcoretransformations.code.tex 2023-01-15 v3.1.10 (3.1.10)
\pgf@pt@x=\dimen188
\pgf@pt@y=\dimen189
\pgf@pt@temp=\dimen190
)
(/usr/share/texlive/texmf-dist/tex/generic/pgf/basiclayer/pgfcorequick.code.tex
File: pgfcorequick.code.tex 2023-01-15 v3.1.10 (3.1.10)
)
(/usr/share/texlive/texmf-dist/tex/generic/pgf/basiclayer/pgfcoreobjects.code.t
ex
File: pgfcoreobjects.code.tex 2023-01-15 v3.1.10 (3.1.10)
)
(/usr/share/texlive/texmf-dist/tex/generic/pgf/basiclayer/pgfcorepathprocessing
.code.tex
File: pgfcorepathprocessing.code.tex 2023-01-15 v3.1.10 (3.1.10)
)
(/usr/share/texlive/texmf-dist/tex/generic/pgf/basiclayer/pgfcorearrows.code.te
x
File: pgfcorearrows.code.tex 2023-01-15 v3.1.10 (3.1.10)
\pgfarrowsep=\dimen191
)
(/usr/share/texlive/texmf-dist/tex/generic/pgf/basiclayer/pgfcoreshade.code.tex
File: pgfcoreshade.code.tex 2023-01-15 v3.1.10 (3.1.10)
\pgf@max=\dimen192
\pgf@sys@shading@range@num=\count295
\pgf@shadingcount=\count296
)
(/usr/share/texlive/texmf-dist/tex/generic/pgf/basiclayer/pgfcoreimage.code.tex
File: pgfcoreimage.code.tex 2023-01-15 v3.1.10 (3.1.10)
)
(/usr/share/texlive/texmf-dist/tex/generic/pgf/basiclayer/pgfcoreexternal.code.
tex
File: pgfcoreexternal.code.tex 2023-01-15 v3.1.10 (3.1.10)
\pgfexternal@startupbox=\box57
)
(/usr/share/texlive/texmf-dist/tex/generic/pgf/basiclayer/pgfcorelayers.code.te
x
File: pgfcorelayers.code.tex 2023-01-15 v3.1.10 (3.1.10)
)
(/usr/share/texlive/texmf-dist/tex/generic/pgf/basiclayer/pgfcoretransparency.c
ode.tex
File: pgfcoretransparency.code.tex 2023-01-15 v3.1.10 (3.1.10)
)
(/usr/share/texlive/texmf-dist/tex/generic/pgf/basiclayer/pgfcorepatterns.code.
tex
File: pgfcorepatterns.code.tex 2023-01-15 v3.1.10 (3.1.10)
)
(/usr/share/texlive/texmf-dist/tex/generic/pgf/basiclayer/pgfcorerdf.code.tex
File: pgfcorerdf.code.tex 2023-01-15 v3.1.10 (3.1.10)
)))
(/usr/share/texlive/texmf-dist/tex/generic/pgf/modules/pgfmoduleshapes.code.tex
File: pgfmoduleshapes.code.tex 2023-01-15 v3.1.10 (3.1.10)
\pgfnodeparttextbox=\box58
) (/usr/share/texlive/texmf-dist/tex/generic/pgf/modules/pgfmoduleplot.code.tex
File: pgfmoduleplot.code.tex 2023-01-15 v3.1.10 (3.1.10)
)
(/usr/share/texlive/texmf-dist/tex/latex/pgf/compatibility/pgfcomp-version-0-65
.sty
Package: pgfcomp-version-0-65 2023-01-15 v3.1.10 (3.1.10)
\pgf@nodesepstart=\dimen193
\pgf@nodesepend=\dimen194
)
(/usr/share/texlive/texmf-dist/tex/latex/pgf/compatibility/pgfcomp-version-1-18
.sty
Package: pgfcomp-version-1-18 2023-01-15 v3.1.10 (3.1.10)
)) (/usr/share/texlive/texmf-dist/tex/latex/pgf/utilities/pgffor.sty
(/usr/share/texlive/texmf-dist/tex/latex/pgf/utilities/pgfkeys.sty
(/usr/share/texlive/texmf-dist/tex/generic/pgf/utilities/pgfkeys.code.tex))
(/usr/share/texlive/texmf-dist/tex/latex/pgf/math/pgfmath.sty
(/usr/share/texlive/texmf-dist/tex/generic/pgf/math/pgfmath.code.tex))
(/usr/share/texlive/texmf-dist/tex/generic/pgf/utilities/pgffor.code.tex
Package: pgffor 2023-01-15 v3.1.10 (3.1.10)
\pgffor@iter=\dimen195
\pgffor@skip=\dimen196
\pgffor@stack=\toks29
\pgffor@toks=\toks30
))
(/usr/share/texlive/texmf-dist/tex/generic/pgf/frontendlayer/tikz/tikz.code.tex
Package: tikz 2023-01-15 v3.1.10 (3.1.10)

(/usr/share/texlive/texmf-dist/tex/generic/pgf/libraries/pgflibraryplothandlers
.code.tex
File: pgflibraryplothandlers.code.tex 2023-01-15 v3.1.10 (3.1.10)
\pgf@plot@mark@count=\count297
\pgfplotmarksize=\dimen197
)
\tikz@lastx=\dimen198
\tikz@lasty=\dimen199
\tikz@lastxsaved=\dimen256
\tikz@lastysaved=\dimen257
\tikz@lastmovetox=\dimen258
\tikz@lastmovetoy=\dimen259
\tikzleveldistance=\dimen260
\tikzsiblingdistance=\dimen261
\tikz@figbox=\box59
\tikz@figbox@bg=\box60
\tikz@tempbox=\box61
\tikz@tempbox@bg=\box62
\tikztreelevel=\count298
\tikznumberofchildren=\count299
\tikznumberofcurrentchild=\count300
\tikz@fig@count=\count301

(/usr/share/texlive/texmf-dist/tex/generic/pgf/modules/pgfmodulematrix.code.tex
File: pgfmodulematrix.code.tex 2023-01-15 v3.1.10 (3.1.10)
\pgfmatrixcurrentrow=\count302
\pgfmatrixcurrentcolumn=\count303
\pgf@matrix@numberofcolumns=\count304
)
\tikz@expandcount=\count305

(/usr/share/texlive/texmf-dist/tex/generic/pgf/frontendlayer/tikz/libraries/tik
zlibrarytopaths.code.tex
File: tikzlibrarytopaths.code.tex 2023-01-15 v3.1.10 (3.1.10)
)))
(/usr/share/texlive/texmf-dist/tex/latex/amsmath/amsmath.sty
Package: amsmath 2024/11/05 v2.17t AMS math features
\@mathmargin=\skip52

For additional information on amsmath, use the `?' option.
(/usr/share/texlive/texmf-dist/tex/latex/amsmath/amstext.sty
Package: amstext 2021/08/26 v2.01 AMS text

(/usr/share/texlive/texmf-dist/tex/latex/amsmath/amsgen.sty
File: amsgen.sty 1999/11/30 v2.0 generic functions
\@emptytoks=\toks31
\ex@=\dimen262
))
(/usr/share/texlive/texmf-dist/tex/latex/amsmath/amsbsy.sty
Package: amsbsy 1999/11/29 v1.2d Bold Symbols
\pmbraise@=\dimen263
)
(/usr/share/texlive/texmf-dist/tex/latex/amsmath/amsopn.sty
Package: amsopn 2022/04/08 v2.04 operator names
)
\inf@bad=\count306
LaTeX Info: Redefining \frac on input line 233.
\uproot@=\count307
\leftroot@=\count308
LaTeX Info: Redefining \overline on input line 398.
LaTeX Info: Redefining \colon on input line 409.
\classnum@=\count309
\DOTSCASE@=\count310
LaTeX Info: Redefining \ldots on input line 495.
LaTeX Info: Redefining \dots on input line 498.
LaTeX Info: Redefining \cdots on input line 619.
\Mathstrutbox@=\box63
\strutbox@=\box64
LaTeX Info: Redefining \big on input line 721.
LaTeX Info: Redefining \Big on input line 722.
LaTeX Info: Redefining \bigg on input line 723.
LaTeX Info: Redefining \Bigg on input line 724.
\big@size=\dimen264
LaTeX Font Info:    Redeclaring font encoding OML on input line 742.
LaTeX Font Info:    Redeclaring font encoding OMS on input line 743.
\macc@depth=\count311
LaTeX Info: Redefining \bmod on input line 904.
LaTeX Info: Redefining \pmod on input line 909.
LaTeX Info: Redefining \smash on input line 939.
LaTeX Info: Redefining \relbar on input line 969.
LaTeX Info: Redefining \Relbar on input line 970.
\c@MaxMatrixCols=\count312
\dotsspace@=\muskip18
\c@parentequation=\count313
\dspbrk@lvl=\count314
\tag@help=\toks32
\row@=\count315
\column@=\count316
\maxfields@=\count317
\andhelp@=\toks33
\eqnshift@=\dimen265
\alignsep@=\dimen266
\tagshift@=\dimen267
\tagwidth@=\dimen268
\totwidth@=\dimen269
\lineht@=\dimen270
\@envbody=\toks34
\multlinegap=\skip53
\multlinetaggap=\skip54
\mathdisplay@stack=\toks35
LaTeX Info: Redefining \[ on input line 2953.
LaTeX Info: Redefining \] on input line 2954.
)
Package hyperref Info: Option `colorlinks' set `true' on input line 9.

(/usr/share/texlive/texmf-dist/tex/latex/l3backend/l3backend-pdftex.def
File: l3backend-pdftex.def 2024-05-08 L3 backend support: PDF output (pdfTeX)
\l__color_backend_stack_int=\count318
\l__pdf_internal_box=\box65
)
(/home/judith/Schreibtisch/Promotion/building_dimer_from_monomer_symmetries_and
_civectors/out/tst.aux)
\openout1 = `tst.aux'.

LaTeX Font Info:    Checking defaults for OML/cmm/m/it on input line 10.
LaTeX Font Info:    ... okay on input line 10.
LaTeX Font Info:    Checking defaults for OMS/cmsy/m/n on input line 10.
LaTeX Font Info:    ... okay on input line 10.
LaTeX Font Info:    Checking defaults for OT1/cmr/m/n on input line 10.
LaTeX Font Info:    ... okay on input line 10.
LaTeX Font Info:    Checking defaults for T1/cmr/m/n on input line 10.
LaTeX Font Info:    ... okay on input line 10.
LaTeX Font Info:    Checking defaults for TS1/cmr/m/n on input line 10.
LaTeX Font Info:    ... okay on input line 10.
LaTeX Font Info:    Checking defaults for OMX/cmex/m/n on input line 10.
LaTeX Font Info:    ... okay on input line 10.
LaTeX Font Info:    Checking defaults for U/cmr/m/n on input line 10.
LaTeX Font Info:    ... okay on input line 10.
LaTeX Font Info:    Checking defaults for PD1/pdf/m/n on input line 10.
LaTeX Font Info:    ... okay on input line 10.
LaTeX Font Info:    Checking defaults for PU/pdf/m/n on input line 10.
LaTeX Font Info:    ... okay on input line 10.

*geometry* driver: auto-detecting
*geometry* detected driver: pdftex
*geometry* verbose mode - [ preamble ] result:
* driver: pdftex
* paper: a4paper
* layout: <same size as paper>
* layoutoffset:(h,v)=(0.0pt,0.0pt)
* modes: 
* h-part:(L,W,R)=(28.45274pt, 540.60239pt, 28.45274pt)
* v-part:(T,H,B)=(56.9055pt, 731.23584pt, 56.9055pt)
* \paperwidth=597.50787pt
* \paperheight=845.04684pt
* \textwidth=540.60239pt
* \textheight=731.23584pt
* \oddsidemargin=-43.81725pt
* \evensidemargin=-43.81725pt
* \topmargin=-52.36449pt
* \headheight=12.0pt
* \headsep=25.0pt
* \topskip=10.0pt
* \footskip=30.0pt
* \marginparwidth=65.0pt
* \marginparsep=11.0pt
* \columnsep=10.0pt
* \skip\footins=9.0pt plus 4.0pt minus 2.0pt
* \hoffset=0.0pt
* \voffset=0.0pt
* \mag=1000
* \@twocolumnfalse
* \@twosidefalse
* \@mparswitchfalse
* \@reversemarginfalse
* (1in=72.27pt=25.4mm, 1cm=28.453pt)

Package hyperref Info: Link coloring ON on input line 10.

(/home/judith/Schreibtisch/Promotion/building_dimer_from_monomer_symmetries_and
_civectors/out/tst.out)
(/home/judith/Schreibtisch/Promotion/building_dimer_from_monomer_symmetries_and
_civectors/out/tst.out)
\@outlinefile=\write4
\openout4 = `tst.out'.


(/usr/share/texlive/texmf-dist/tex/context/base/mkii/supp-pdf.mkii
[Loading MPS to PDF converter (version 2006.09.02).]
\scratchcounter=\count319
\scratchdimen=\dimen271
\scratchbox=\box66
\nofMPsegments=\count320
\nofMParguments=\count321
\everyMPshowfont=\toks36
\MPscratchCnt=\count322
\MPscratchDim=\dimen272
\MPnumerator=\count323
\makeMPintoPDFobject=\count324
\everyMPtoPDFconversion=\toks37
) (/usr/share/texlive/texmf-dist/tex/latex/epstopdf-pkg/epstopdf-base.sty
Package: epstopdf-base 2020-01-24 v2.11 Base part for package epstopdf

(/usr/share/texlive/texmf-dist/tex/latex/grfext/grfext.sty
Package: grfext 2019/12/03 v1.3 Manage graphics extensions (HO)
)
Package epstopdf-base Info: Redefining graphics rule for `.eps' on input line 4
85.
Package grfext Info: Graphics extension search list:
(grfext)             [.pdf,.png,.jpg,.mps,.jpeg,.jbig2,.jb2,.PDF,.PNG,.JPG,.JPE
G,.JBIG2,.JB2,.eps]
(grfext)             \AppendGraphicsExtensions on input line 504.

(/usr/share/texlive/texmf-dist/tex/latex/latexconfig/epstopdf-sys.cfg
File: epstopdf-sys.cfg 2010/07/13 v1.3 Configuration of (r)epstopdf for TeX Liv
e
))
(/home/judith/Schreibtisch/Promotion/building_dimer_from_monomer_symmetries_and
_civectors/out/tst.toc)
\tf@toc=\write5
\openout5 = `tst.toc'.



[1

{/var/lib/texmf/fonts/map/pdftex/updmap/pdftex.map}]

[2]
Underfull \hbox (badness 10000) in paragraph at lines 54--56

 []



[3]
Underfull \hbox (badness 10000) in paragraph at lines 89--90

 []


Underfull \hbox (badness 10000) in paragraph at lines 89--90

 []



[4]
Underfull \hbox (badness 10000) detected at line 121
 []$[]   \OT1/cmr/m/n/10 = \OMS/cmsy/m/n/10 ^^@\OT1/cmr/m/n/10 4 []  $ 
 []


Underfull \hbox (badness 10000) in paragraph at lines 121--122

 []


Underfull \hbox (badness 10000) in paragraph at lines 121--122

 []



[5]
Underfull \hbox (badness 10000) in paragraph at lines 155--157

 []



[6]
Underfull \hbox (badness 10000) in paragraph at lines 188--189

 []


Underfull \hbox (badness 10000) in paragraph at lines 188--189

 []



[7]
Underfull \hbox (badness 10000) in paragraph at lines 222--224

 []



[8]
Underfull \hbox (badness 10000) in paragraph at lines 255--256

 []


Underfull \hbox (badness 10000) in paragraph at lines 255--256

 []



[9]
Underfull \hbox (badness 10000) in paragraph at lines 291--293

 []



[10]
Underfull \hbox (badness 10000) in paragraph at lines 326--327

 []


Underfull \hbox (badness 10000) in paragraph at lines 326--327

 []



[11]
Underfull \hbox (badness 10000) detected at line 358
 []$[]   \OT1/cmr/m/n/10 = \OMS/cmsy/m/n/10 ^^@\OT1/cmr/m/n/10 4 []  $ 
 []


Underfull \hbox (badness 10000) in paragraph at lines 358--359

 []


Underfull \hbox (badness 10000) in paragraph at lines 358--359

 []



[12]
Underfull \hbox (badness 10000) in paragraph at lines 394--396

 []



[13]
Underfull \hbox (badness 10000) in paragraph at lines 429--430

 []


Underfull \hbox (badness 10000) in paragraph at lines 429--430

 []



[14]
Underfull \hbox (badness 10000) in paragraph at lines 463--465

 []



[15]
Underfull \hbox (badness 10000) in paragraph at lines 496--497

 []


Underfull \hbox (badness 10000) in paragraph at lines 496--497

 []



[16]
Underfull \hbox (badness 10000) detected at line 528
 []$[]   \OT1/cmr/m/n/10 = \OMS/cmsy/m/n/10 ^^@\OT1/cmr/m/n/10 4 []  $ 
 []


Underfull \hbox (badness 10000) in paragraph at lines 528--529

 []


Underfull \hbox (badness 10000) in paragraph at lines 528--529

 []



[17]
Underfull \hbox (badness 10000) in paragraph at lines 562--564

 []



[18]
Underfull \hbox (badness 10000) in paragraph at lines 595--596

 []


Underfull \hbox (badness 10000) in paragraph at lines 595--596

 []



[19]
Underfull \hbox (badness 10000) detected at line 627
 []$[]   \OT1/cmr/m/n/10 = \OMS/cmsy/m/n/10 ^^@\OT1/cmr/m/n/10 4 []  $ 
 []


Underfull \hbox (badness 10000) in paragraph at lines 627--628

 []


Underfull \hbox (badness 10000) in paragraph at lines 627--628

 []



[20]
Underfull \hbox (badness 10000) detected at line 675
 []$[]   \OT1/cmr/m/n/10 = + [] + []  $ 
 []


Underfull \hbox (badness 10000) in paragraph at lines 679--681

 []


Underfull \hbox (badness 10000) in paragraph at lines 679--681

 []


Underfull \hbox (badness 10000) detected at line 728
 []$[]   \OT1/cmr/m/n/10 = + [] \OMS/cmsy/m/n/10 ^^@ []  $ 
 []


Underfull \hbox (badness 10000) in paragraph at lines 732--734

 []


Underfull \hbox (badness 10000) in paragraph at lines 732--734

 []



[21]
Underfull \hbox (badness 10000) detected at line 781
 []$[]   \OT1/cmr/m/n/10 = + [] + []  $ 
 []


Underfull \hbox (badness 10000) detected at line 784
 []$[]   \OT1/cmr/m/n/10 = \OMS/cmsy/m/n/10 ^^@\OT1/cmr/m/n/10 8 []  $ 
 []


Underfull \hbox (badness 10000) in paragraph at lines 784--786

 []


Underfull \hbox (badness 10000) in paragraph at lines 784--786

 []



[22]
Underfull \hbox (badness 10000) detected at line 833
 []$[]   \OT1/cmr/m/n/10 = + [] + []  $ 
 []


Underfull \hbox (badness 10000) detected at line 836
 []$[]   \OT1/cmr/m/n/10 = +4 [] \OMS/cmsy/m/n/10 ^^@ \OT1/cmr/m/n/10 4 []  $ 
 []


Underfull \hbox (badness 10000) in paragraph at lines 836--838

 []


Underfull \hbox (badness 10000) in paragraph at lines 836--838

 []


Underfull \hbox (badness 10000) detected at line 885
 []$[]   \OT1/cmr/m/n/10 = + [] \OMS/cmsy/m/n/10 ^^@ []  $ 
 []


Underfull \hbox (badness 10000) detected at line 888
 []$[]   \OT1/cmr/m/n/10 = \OMS/cmsy/m/n/10 ^^@\OT1/cmr/m/n/10 4 [] \OMS/cmsy/m
/n/10 ^^@ \OT1/cmr/m/n/10 4 []  $ 
 []


Underfull \hbox (badness 10000) in paragraph at lines 888--890

 []


Underfull \hbox (badness 10000) in paragraph at lines 888--890

 []



[23]
Underfull \hbox (badness 10000) detected at line 937
 []$[]   \OT1/cmr/m/n/10 = + [] + []  $ 
 []


Underfull \hbox (badness 10000) detected at line 940
 []$[]   \OT1/cmr/m/n/10 = \OMS/cmsy/m/n/10 ^^@\OT1/cmr/m/n/10 4 [] + 4 []  $ 
 []


Underfull \hbox (badness 10000) in paragraph at lines 940--942

 []


Underfull \hbox (badness 10000) in paragraph at lines 940--942

 []


Underfull \hbox (badness 10000) detected at line 989
 []$[]   \OT1/cmr/m/n/10 = + [] \OMS/cmsy/m/n/10 ^^@ []  $ 
 []


Underfull \hbox (badness 10000) detected at line 992
 []$[]   \OT1/cmr/m/n/10 = \OMS/cmsy/m/n/10 ^^@\OT1/cmr/m/n/10 4 [] \OMS/cmsy/m
/n/10 ^^@ \OT1/cmr/m/n/10 4 []  $ 
 []


Underfull \hbox (badness 10000) in paragraph at lines 992--994

 []


Underfull \hbox (badness 10000) in paragraph at lines 992--994

 []



[24]
Underfull \hbox (badness 10000) detected at line 1041
 []$[]   \OT1/cmr/m/n/10 = + [] + []  $ 
 []


Underfull \hbox (badness 10000) in paragraph at lines 1045--1047

 []


Underfull \hbox (badness 10000) in paragraph at lines 1045--1047

 []


Underfull \hbox (badness 10000) detected at line 1094
 []$[]   \OT1/cmr/m/n/10 = + [] \OMS/cmsy/m/n/10 ^^@ []  $ 
 []


Underfull \hbox (badness 10000) in paragraph at lines 1098--1100

 []


Underfull \hbox (badness 10000) in paragraph at lines 1098--1100

 []



[25]
Underfull \hbox (badness 10000) detected at line 1147
 []$[]   \OT1/cmr/m/n/10 = + [] + []  $ 
 []


Underfull \hbox (badness 10000) detected at line 1150
 []$[]   \OT1/cmr/m/n/10 = \OMS/cmsy/m/n/10 ^^@\OT1/cmr/m/n/10 8 []  $ 
 []


Underfull \hbox (badness 10000) in paragraph at lines 1150--1152

 []


Underfull \hbox (badness 10000) in paragraph at lines 1150--1152

 []



[26]
Underfull \hbox (badness 10000) detected at line 1199
 []$[]   \OT1/cmr/m/n/10 = + [] + []  $ 
 []


Underfull \hbox (badness 10000) in paragraph at lines 1203--1205

 []


Underfull \hbox (badness 10000) in paragraph at lines 1203--1205

 []


Underfull \hbox (badness 10000) detected at line 1252
 []$[]   \OT1/cmr/m/n/10 = + [] \OMS/cmsy/m/n/10 ^^@ []  $ 
 []


Underfull \hbox (badness 10000) in paragraph at lines 1256--1258

 []


Underfull \hbox (badness 10000) in paragraph at lines 1256--1258

 []



[27]
Underfull \hbox (badness 10000) detected at line 1305
 []$[]   \OT1/cmr/m/n/10 = + [] + []  $ 
 []


Underfull \hbox (badness 10000) detected at line 1308
 []$[]   \OT1/cmr/m/n/10 = \OMS/cmsy/m/n/10 ^^@\OT1/cmr/m/n/10 4 [] + 4 []  $ 
 []


Underfull \hbox (badness 10000) in paragraph at lines 1308--1310

 []


Underfull \hbox (badness 10000) in paragraph at lines 1308--1310

 []


Underfull \hbox (badness 10000) detected at line 1357
 []$[]   \OT1/cmr/m/n/10 = + [] \OMS/cmsy/m/n/10 ^^@ []  $ 
 []


Underfull \hbox (badness 10000) detected at line 1360
 []$[]   \OT1/cmr/m/n/10 = \OMS/cmsy/m/n/10 ^^@\OT1/cmr/m/n/10 4 [] \OMS/cmsy/m
/n/10 ^^@ \OT1/cmr/m/n/10 4 []  $ 
 []


Underfull \hbox (badness 10000) in paragraph at lines 1360--1362

 []


Underfull \hbox (badness 10000) in paragraph at lines 1360--1362

 []



[28]
Underfull \hbox (badness 10000) detected at line 1409
 []$[]   \OT1/cmr/m/n/10 = + [] + []  $ 
 []


Underfull \hbox (badness 10000) detected at line 1412
 []$[]   \OT1/cmr/m/n/10 = \OMS/cmsy/m/n/10 ^^@\OT1/cmr/m/n/10 8 []  $ 
 []


Underfull \hbox (badness 10000) in paragraph at lines 1412--1414

 []


Underfull \hbox (badness 10000) in paragraph at lines 1412--1414

 []



[29]
Underfull \hbox (badness 10000) detected at line 1461
 []$[]   \OT1/cmr/m/n/10 = + [] + []  $ 
 []


Underfull \hbox (badness 10000) detected at line 1464
 []$[]   \OT1/cmr/m/n/10 = +4 [] \OMS/cmsy/m/n/10 ^^@ \OT1/cmr/m/n/10 4 []  $ 
 []


Underfull \hbox (badness 10000) in paragraph at lines 1464--1466

 []


Underfull \hbox (badness 10000) in paragraph at lines 1464--1466

 []


Underfull \hbox (badness 10000) detected at line 1513
 []$[]   \OT1/cmr/m/n/10 = + [] \OMS/cmsy/m/n/10 ^^@ []  $ 
 []


Underfull \hbox (badness 10000) detected at line 1516
 []$[]   \OT1/cmr/m/n/10 = \OMS/cmsy/m/n/10 ^^@\OT1/cmr/m/n/10 4 [] \OMS/cmsy/m
/n/10 ^^@ \OT1/cmr/m/n/10 4 []  $ 
 []


Underfull \hbox (badness 10000) in paragraph at lines 1516--1518

 []


Underfull \hbox (badness 10000) in paragraph at lines 1516--1518

 []



[30]
Underfull \hbox (badness 10000) detected at line 1565
 []$[]   \OT1/cmr/m/n/10 = + [] + []  $ 
 []


Underfull \hbox (badness 10000) detected at line 1568
 []$[]   \OT1/cmr/m/n/10 = \OMS/cmsy/m/n/10 ^^@\OT1/cmr/m/n/10 8 []  $ 
 []


Underfull \hbox (badness 10000) in paragraph at lines 1568--1570

 []


Underfull \hbox (badness 10000) in paragraph at lines 1568--1570

 []



[31]
Overfull \hbox (5.00839pt too wide) detected at line 1665
\OT1/cmr/m/n/10 + [] \OMS/cmsy/m/n/10 ^^@ [] ^^@ [] \OT1/cmr/m/n/10 + [] [] [] 

 []


Underfull \hbox (badness 10000) in paragraph at lines 1700--1702

 []


Underfull \hbox (badness 10000) in paragraph at lines 1700--1702

 []



[32]
Overfull \hbox (5.00839pt too wide) detected at line 1796
\OT1/cmr/m/n/10 + [] \OMS/cmsy/m/n/10 ^^@ [] \OT1/cmr/m/n/10 + [] \OMS/cmsy/m/n
/10 ^^@ [] [] [] 
 []


Underfull \hbox (badness 10000) in paragraph at lines 1831--1833

 []


Underfull \hbox (badness 10000) in paragraph at lines 1831--1833

 []



[33]
Overfull \hbox (5.00839pt too wide) detected at line 1927
\OT1/cmr/m/n/10 + [] \OMS/cmsy/m/n/10 ^^@ [] ^^@ [] \OT1/cmr/m/n/10 + [] [] [] 

 []


Underfull \hbox (badness 10000) in paragraph at lines 1957--1959

 []


Underfull \hbox (badness 10000) in paragraph at lines 1957--1959

 []


Overfull \hbox (5.00839pt too wide) detected at line 2053
\OT1/cmr/m/n/10 + [] \OMS/cmsy/m/n/10 ^^@ [] \OT1/cmr/m/n/10 + [] \OMS/cmsy/m/n
/10 ^^@ [] [] [] 
 []



[34]
Underfull \hbox (badness 10000) in paragraph at lines 2083--2085

 []


Underfull \hbox (badness 10000) in paragraph at lines 2083--2085

 []



[35]
Overfull \hbox (5.00839pt too wide) detected at line 2179
\OT1/cmr/m/n/10 + [] + [] \OMS/cmsy/m/n/10 ^^@ [] ^^@ [] [] [] 
 []


Underfull \hbox (badness 10000) in paragraph at lines 2214--2216

 []


Underfull \hbox (badness 10000) in paragraph at lines 2214--2216

 []



[36]
Overfull \hbox (5.00839pt too wide) detected at line 2310
\OT1/cmr/m/n/10 + [] + [] + [] + [] [] [] 
 []


Underfull \hbox (badness 10000) in paragraph at lines 2345--2347

 []


Underfull \hbox (badness 10000) in paragraph at lines 2345--2347

 []



[37]
Overfull \hbox (5.00839pt too wide) detected at line 2441
\OT1/cmr/m/n/10 + [] + [] \OMS/cmsy/m/n/10 ^^@ [] ^^@ [] [] [] 
 []


Underfull \hbox (badness 10000) in paragraph at lines 2471--2473

 []


Underfull \hbox (badness 10000) in paragraph at lines 2471--2473

 []


Overfull \hbox (5.00839pt too wide) detected at line 2567
\OT1/cmr/m/n/10 + [] + [] + [] + [] [] [] 
 []



[38]
Underfull \hbox (badness 10000) in paragraph at lines 2597--2599

 []


Underfull \hbox (badness 10000) in paragraph at lines 2597--2599

 []



[39]
Overfull \hbox (5.00839pt too wide) detected at line 2693
\OT1/cmr/m/n/10 + [] \OMS/cmsy/m/n/10 ^^@ [] ^^@ [] \OT1/cmr/m/n/10 + [] [] [] 

 []


Underfull \hbox (badness 10000) in paragraph at lines 2723--2725

 []


Underfull \hbox (badness 10000) in paragraph at lines 2723--2725

 []


Overfull \hbox (5.00839pt too wide) detected at line 2819
\OT1/cmr/m/n/10 + [] \OMS/cmsy/m/n/10 ^^@ [] \OT1/cmr/m/n/10 + [] \OMS/cmsy/m/n
/10 ^^@ [] [] [] 
 []



[40]
Underfull \hbox (badness 10000) in paragraph at lines 2849--2851

 []


Underfull \hbox (badness 10000) in paragraph at lines 2849--2851

 []



[41]
Overfull \hbox (5.00839pt too wide) detected at line 2945
\OT1/cmr/m/n/10 + [] \OMS/cmsy/m/n/10 ^^@ [] ^^@ [] \OT1/cmr/m/n/10 + [] [] [] 

 []


Underfull \hbox (badness 10000) in paragraph at lines 2980--2982

 []


Underfull \hbox (badness 10000) in paragraph at lines 2980--2982

 []



[42]
Overfull \hbox (5.00839pt too wide) detected at line 3076
\OT1/cmr/m/n/10 + [] \OMS/cmsy/m/n/10 ^^@ [] \OT1/cmr/m/n/10 + [] \OMS/cmsy/m/n
/10 ^^@ [] [] [] 
 []


Underfull \hbox (badness 10000) in paragraph at lines 3111--3113

 []


Underfull \hbox (badness 10000) in paragraph at lines 3111--3113

 []



[43]
Overfull \hbox (5.00839pt too wide) detected at line 3207
\OT1/cmr/m/n/10 + [] + [] \OMS/cmsy/m/n/10 ^^@ [] ^^@ [] [] [] 
 []


Underfull \hbox (badness 10000) in paragraph at lines 3237--3239

 []


Underfull \hbox (badness 10000) in paragraph at lines 3237--3239

 []


Overfull \hbox (5.00839pt too wide) detected at line 3333
\OT1/cmr/m/n/10 + [] + [] + [] + [] [] [] 
 []



[44]
Underfull \hbox (badness 10000) in paragraph at lines 3363--3365

 []


Underfull \hbox (badness 10000) in paragraph at lines 3363--3365

 []



[45]
Overfull \hbox (5.00839pt too wide) detected at line 3459
\OT1/cmr/m/n/10 + [] + [] \OMS/cmsy/m/n/10 ^^@ [] ^^@ [] [] [] 
 []


Underfull \hbox (badness 10000) in paragraph at lines 3494--3496

 []


Underfull \hbox (badness 10000) in paragraph at lines 3494--3496

 []



[46]
Overfull \hbox (5.00839pt too wide) detected at line 3590
\OT1/cmr/m/n/10 + [] + [] + [] + [] [] [] 
 []


Underfull \hbox (badness 10000) in paragraph at lines 3625--3627

 []


Underfull \hbox (badness 10000) in paragraph at lines 3625--3627

 []



[47]
Underfull \hbox (badness 10000) in paragraph at lines 3633--3634

 []


Overfull \hbox (5.00839pt too wide) detected at line 3722
\OT1/cmr/m/n/10 + [] \OMS/cmsy/m/n/10 ^^@ [] ^^@ [] \OT1/cmr/m/n/10 + [] [] [] 

 []


Underfull \hbox (badness 10000) in paragraph at lines 3756--3758

 []


Underfull \hbox (badness 10000) in paragraph at lines 3756--3758

 []



[48]
Overfull \hbox (26.67477pt too wide) detected at line 3937
[]
 []



[49]
Overfull \vbox (114.43372pt too high) has occurred while \output is active []



[50]
Underfull \hbox (badness 10000) detected at line 3995
 []$[]   \OT1/cmr/m/n/10 = \OMS/cmsy/m/n/10 ^^@\OT1/cmr/m/n/10 8 [] + 8 []  $ 
 []


Underfull \hbox (badness 10000) in paragraph at lines 3995--3997

 []


Underfull \hbox (badness 10000) in paragraph at lines 3995--3997

 []



[51]
Overfull \hbox (26.67477pt too wide) detected at line 4176
[]
 []



[52]
Overfull \vbox (114.43372pt too high) has occurred while \output is active []



[53]
Underfull \hbox (badness 10000) in paragraph at lines 4236--4238

 []


Underfull \hbox (badness 10000) in paragraph at lines 4236--4238

 []



[54]
Overfull \hbox (26.67477pt too wide) detected at line 4419
[]
 []


Underfull \hbox (badness 10000) in paragraph at lines 4466--4468

 []


Underfull \hbox (badness 10000) in paragraph at lines 4466--4468

 []



[55]
Overfull \hbox (26.67477pt too wide) detected at line 4647
[]
 []


Underfull \hbox (badness 10000) in paragraph at lines 4695--4697

 []


Underfull \hbox (badness 10000) in paragraph at lines 4695--4697

 []



[56]
Overfull \hbox (26.67477pt too wide) detected at line 4878
[]
 []


Underfull \hbox (badness 10000) in paragraph at lines 4925--4927

 []


Underfull \hbox (badness 10000) in paragraph at lines 4925--4927

 []



[57]
Overfull \hbox (26.67477pt too wide) detected at line 5106
[]
 []


Underfull \hbox (badness 10000) in paragraph at lines 5154--5156

 []


Underfull \hbox (badness 10000) in paragraph at lines 5154--5156

 []



[58]
Underfull \hbox (badness 10000) in paragraph at lines 5161--5162

 []


Overfull \hbox (5.00839pt too wide) detected at line 5250
\OT1/cmr/m/n/10 + [] + [] + [] + [] [] [] 
 []


Underfull \hbox (badness 10000) in paragraph at lines 5284--5286

 []


Underfull \hbox (badness 10000) in paragraph at lines 5284--5286

 []



[59]
Overfull \hbox (26.67477pt too wide) detected at line 5465
[]
 []


Underfull \hbox (badness 10000) in paragraph at lines 5512--5514

 []


Underfull \hbox (badness 10000) in paragraph at lines 5512--5514

 []



[60]
Overfull \hbox (26.67477pt too wide) detected at line 5693
[]
 []


Underfull \hbox (badness 10000) in paragraph at lines 5741--5743

 []


Underfull \hbox (badness 10000) in paragraph at lines 5741--5743

 []



[61]
Overfull \hbox (26.67477pt too wide) detected at line 5924
[]
 []


Underfull \hbox (badness 10000) in paragraph at lines 5971--5973

 []


Underfull \hbox (badness 10000) in paragraph at lines 5971--5973

 []



[62]
Overfull \hbox (26.67477pt too wide) detected at line 6152
[]
 []


Underfull \hbox (badness 10000) in paragraph at lines 6200--6202

 []


Underfull \hbox (badness 10000) in paragraph at lines 6200--6202

 []



[63]
Underfull \hbox (badness 10000) in paragraph at lines 6207--6208

 []


Overfull \hbox (5.00839pt too wide) detected at line 6296
\OT1/cmr/m/n/10 + [] \OMS/cmsy/m/n/10 ^^@ [] ^^@ [] \OT1/cmr/m/n/10 + [] [] [] 

 []


Underfull \hbox (badness 10000) in paragraph at lines 6330--6332

 []


Underfull \hbox (badness 10000) in paragraph at lines 6330--6332

 []



[64]
Overfull \hbox (26.67477pt too wide) detected at line 6511
[]
 []



[65]
Overfull \vbox (114.43372pt too high) has occurred while \output is active []



[66]
Underfull \hbox (badness 10000) detected at line 6569
 []$[]   \OT1/cmr/m/n/10 = \OMS/cmsy/m/n/10 ^^@\OT1/cmr/m/n/10 8 [] + 8 []  $ 
 []


Underfull \hbox (badness 10000) in paragraph at lines 6569--6571

 []


Underfull \hbox (badness 10000) in paragraph at lines 6569--6571

 []



[67]
Overfull \hbox (26.67477pt too wide) detected at line 6750
[]
 []



[68]
Overfull \vbox (114.43372pt too high) has occurred while \output is active []



[69]
Underfull \hbox (badness 10000) in paragraph at lines 6810--6812

 []


Underfull \hbox (badness 10000) in paragraph at lines 6810--6812

 []



[70]
Underfull \hbox (badness 10000) in paragraph at lines 6817--6818

 []


Overfull \hbox (5.00839pt too wide) detected at line 6906
\OT1/cmr/m/n/10 + [] + [] + [] + [] [] [] 
 []


Underfull \hbox (badness 10000) in paragraph at lines 6940--6942

 []


Underfull \hbox (badness 10000) in paragraph at lines 6940--6942

 []



[71]
(/home/judith/Schreibtisch/Promotion/building_dimer_from_monomer_symmetries_and
_civectors/out/tst.aux)
 ***********
LaTeX2e <2024-11-01> patch level 2
L3 programming layer <2025-01-18>
 ***********


Package rerunfilecheck Warning: File `tst.out' has changed.
(rerunfilecheck)                Rerun to get outlines right
(rerunfilecheck)                or use package `bookmark'.

Package rerunfilecheck Info: Checksums for `tst.out':
(rerunfilecheck)             Before: D41D8CD98F00B204E9800998ECF8427E;0
(rerunfilecheck)             After:  0FA74C0B64AE5482E0F32D88D6CB27DF;1441.
 ) 
Here is how much of TeX's memory you used:
 20174 strings out of 473197
 375517 string characters out of 5718604
 868254 words of memory out of 5000000
 43046 multiletter control sequences out of 15000+600000
 559896 words of font info for 40 fonts, out of 8000000 for 9000
 1141 hyphenation exceptions out of 8191
 102i,27n,107p,429b,701s stack positions out of 10000i,1000n,20000p,200000b,200000s
</usr/share/texlive/texmf-dist/fonts/type1/public/amsfonts/cm/cmbx12.pfb></us
r/share/texlive/texmf-dist/fonts/type1/public/amsfonts/cm/cmex10.pfb></usr/shar
e/texlive/texmf-dist/fonts/type1/public/amsfonts/cm/cmmi10.pfb></usr/share/texl
ive/texmf-dist/fonts/type1/public/amsfonts/cm/cmmi5.pfb></usr/share/texlive/tex
mf-dist/fonts/type1/public/amsfonts/cm/cmmi7.pfb></usr/share/texlive/texmf-dist
/fonts/type1/public/amsfonts/cm/cmr10.pfb></usr/share/texlive/texmf-dist/fonts/
type1/public/amsfonts/cm/cmr5.pfb></usr/share/texlive/texmf-dist/fonts/type1/pu
blic/amsfonts/cm/cmr7.pfb></usr/share/texlive/texmf-dist/fonts/type1/public/ams
fonts/cm/cmsy10.pfb>
Output written on /home/judith/Schreibtisch/Promotion/building_dimer_from_monom
er_symmetries_and_civectors/out/tst.pdf (71 pages, 338520 bytes).
PDF statistics:
 379 PDF objects out of 1000 (max. 8388607)
 285 compressed objects within 3 object streams
 78 named destinations out of 1000 (max. 500000)
 13 words of extra memory for PDF output out of 10000 (max. 10000000)

></usr/share/texlive/texmf-dist
/fonts/type1/public/amsfonts/cm/cmr10.pfb></usr/share/texlive/texmf-dist/fonts/
type1/public/amsfonts/cm/cmr5.pfb></usr/share/texlive/texmf-dist/fonts/type1/pu
blic/amsfonts/cm/cmr7.pfb></usr/share/texlive/texmf-dist/fonts/type1/public/ams
fonts/cm/cmsy10.pfb></usr/share/texlive/texmf-dist/fonts/type1/public/amsfonts/
cm/cmtt10.pfb>
Output written on /home/judith/Schreibtisch/Promotion/building_dimer_from_monom
er_symmetries_and_civectors/out/tst.pdf (71 pages, 352847 bytes).
PDF statistics:
 384 PDF objects out of 1000 (max. 8388607)
 288 compressed objects within 3 object streams
 78 named destinations out of 1000 (max. 500000)
 13 words of extra memory for PDF output out of 10000 (max. 10000000)

